// Jest Snapshot v1, https://goo.gl/fbAQLP

exports[`App app renders correctly 1`] = `
<DocumentFragment>
  <div
    class="app"
  >
    <div>
      <div
        class="header"
      >
        <div
          class="nasa-logo"
        >
          <img
            alt="nasa logo"
            class="nasa-logo__image"
            src="https://cdn.cnn.com/cnnnext/dam/assets/200424060716-nasa-worm-logo.jpg"
          />
        </div>
      </div>
      <div>
        <form
          class="input-search"
        >
          <input
            class="search-box"
            placeholder="Search..."
            type="text"
          />
          <button
            class="search-button"
            type="submit"
          >
            Launch
          </button>
        </form>
      </div>
    </div>
  </div>
</DocumentFragment>
`;
